f:\kutaq3 hook\debug\vc140.pdb
f:\kutaq3 hook\debug\vc140.idb
f:\kutaq3 hook\debug\gldraw.obj
f:\kutaq3 hook\debug\gltext.obj
f:\kutaq3 hook\debug\imgui.obj
f:\kutaq3 hook\debug\imgui_demo.obj
f:\kutaq3 hook\debug\imgui_draw.obj
f:\kutaq3 hook\debug\imgui_impl_opengl2.obj
f:\kutaq3 hook\debug\imgui_impl_win32.obj
f:\kutaq3 hook\debug\imgui_widgets.obj
f:\kutaq3 hook\debug\main.obj
f:\kutaq3 hook\debug\kutaq3.ilk
f:\kutaq3 hook\debug\kutaq3.dll
f:\kutaq3 hook\debug\kutaq3.pdb
f:\kutaq3 hook\debug\kutaq3.tlog\cl.command.1.tlog
f:\kutaq3 hook\debug\kutaq3.tlog\cl.read.1.tlog
f:\kutaq3 hook\debug\kutaq3.tlog\cl.write.1.tlog
f:\kutaq3 hook\debug\kutaq3.tlog\link.command.1.tlog
f:\kutaq3 hook\debug\kutaq3.tlog\link.read.1.tlog
f:\kutaq3 hook\debug\kutaq3.tlog\link.write.1.tlog
